// Jest Snapshot v1, https://goo.gl/fbAQLP

exports[`<ConversationsList /> renders correctly 1`] = `
<div
  className="conversations-list-container"
>
  <div>
    <ConversationCardComponent
      actions={
        Object {
          "options": Array [
            Object {
              "event": [Function],
              "text": undefined,
            },
          ],
        }
      }
      desc={
        Object {
          "fontSize": 13,
          "margin": "0px 0px 0px 14px",
          "maxWidth": 76,
          "text": undefined,
        }
      }
      key="0"
      onClick={[Function]}
      profile={
        Object {
          "backgroundColor": undefined,
          "color": "white",
          "height": 40,
          "label": undefined,
          "labelFontSize": 12,
          "width": 40,
        }
      }
      title={
        Object {
          "fontSize": 13,
          "margin": "0px 0px 0px 14px",
          "maxWidth": 76,
          "text": undefined,
        }
      }
    />
  </div>
</div>
`;
