// Jest Snapshot v1, https://goo.gl/fbAQLP

exports[`<TagComponent /> renders correctly 1`] = `
<div
  className="tag fadeIn success"
>
  <LabelComponent
    alignCenter={true}
    breakWord={true}
    defaultLabel={true}
    fontSemiBold={true}
    fontSize={12}
    text="teste"
    width={18}
  />
</div>
`;
