// Jest Snapshot v1, https://goo.gl/fbAQLP

exports[`<ChatEntry /> renders correctly 1`] = `
<ContextConsumer>
  <Component />
</ContextConsumer>
`;
