// Jest Snapshot v1, https://goo.gl/fbAQLP

exports[`<InputSearchComponent /> renders correctly 1`] = `
<div>
  <InputSearchComponent />
</div>
`;
