// Jest Snapshot v1, https://goo.gl/fbAQLP

exports[`<ConversationCardComponent /> renders correctly 1`] = `
<div>
  <ConversationCardComponent
    desc={
      Object {
        "fontSize": 13,
        "margin": "0px 0px 0px 14px",
        "maxWidth": 100,
        "text": "Hey there! how are you",
      }
    }
    profile={
      Object {
        "backgroundColor": "red",
        "color": "white",
        "height": 40,
        "label": "AM",
        "labelFontSize": 12,
        "width": 40,
      }
    }
    title={
      Object {
        "fontSize": 14,
        "margin": "0px 0px 0px 14px",
        "maxWidth": 100,
        "text": "teste",
      }
    }
  />
  <ConversationCardSketch />
</div>
`;
