// Jest Snapshot v1, https://goo.gl/fbAQLP

exports[`<InputComponent /> renders correctly 1`] = `
<div
  className="input-wrapper"
  style={
    Object {
      "margin": undefined,
      "maxWidth": undefined,
    }
  }
>
  <div
    className="input-container"
  >
    <input
      className="input input--error"
      id="nickname"
      onBlur={[Function]}
      onChange={[Function]}
      placeholder="Nickname"
      style={
        Object {
          "height": undefined,
          "width": undefined,
        }
      }
      type="text"
      value="value"
    />
    <div
      className="input-icon-container"
    />
  </div>
  <div
    className="input-label-container"
  >
    <LabelComponent
      danger={true}
      fontRegular={true}
      fontSize={16}
      text="erro teste"
    />
  </div>
</div>
`;
