// Jest Snapshot v1, https://goo.gl/fbAQLP

exports[`<SignUpFormContainer /> renders correctly 1`] = `
<ContextConsumer>
  <Component />
</ContextConsumer>
`;
