// Jest Snapshot v1, https://goo.gl/fbAQLP

exports[`<UserInfoComponent /> renders correctly 1`] = `
<div
  className="user-info-wrapper"
  style={
    Object {
      "justifyContent": "space-between",
      "width": "100%",
    }
  }
>
  <div
    className="user-info-container"
  >
    <ProfilePictureComponent
      backgroundColor="red"
      color="white"
      height={40}
      label="AM"
      labelFontSize={12}
      width={40}
    />
    <div
      className="labels-container"
    >
      <LabelComponent
        breakWord={true}
        dark={true}
        fontSemiBold={true}
        fontSize={13}
        margin="0px 0px 0px 14px"
        maxWidth={100}
        text="Amendowins"
      />
      <LabelComponent
        breakWord={true}
        dark={true}
        fontRegular={true}
        fontSize={13}
        margin="0px 0px 0px 14px"
        maxWidth={100}
        text="Hey there! how are you"
      />
    </div>
  </div>
  <div
    className="info-container"
  >
    <LabelComponent
      alignRight={true}
      fontRegular={true}
      fontSize={13}
      margin="0px 0px 5px 0px"
      text="right label"
      width={100}
    />
    <div
      className="footer-container"
    />
  </div>
</div>
`;
