// Jest Snapshot v1, https://goo.gl/fbAQLP

exports[`<SignUpEntry /> renders correctly 1`] = `
<AuthContainer
  footerInfo={
    <LabelComponent
      text="Already have an account?"
    />
  }
  footerInfoLink={
    <ButtonComponent
      link={true}
      onClick={[Function]}
      text="Sign In"
      width={80}
    />
  }
  formContainer={<Connect(SignUpFormContainer) />}
  title="Sign Up"
/>
`;
