// Jest Snapshot v1, https://goo.gl/fbAQLP

exports[`<TimeTagComponent /> renders correctly 1`] = `
<div>
  <TimeTagComponent
    text="today"
  />
</div>
`;
