// Jest Snapshot v1, https://goo.gl/fbAQLP

exports[`<MessageListContainer /> renders correctly 1`] = `
<div>
  <MessageListContainer
    isFetching={false}
  />
</div>
`;
