// Jest Snapshot v1, https://goo.gl/fbAQLP

exports[`<SignInEntry /> renders correctly 1`] = `
<AuthContainer
  footerInfo={
    <LabelComponent
      text="Don't have an account?"
    />
  }
  footerInfoLink={
    <ButtonComponent
      link={true}
      onClick={[Function]}
      text="Sign Up"
      width={80}
    />
  }
  formContainer={<Connect(SignInFormContainer) />}
  title="Sign In"
/>
`;
